
> vue-project@0.0.0 build
> vite build

[36mvite v7.3.1 [32mbuilding client environment for production...[36m[39m
transforming...
[32m??[39m 14 modules transformed.
node.exe : [31m??[39
m Build failed in 199
ms
위치 줄:1 문자:1
+ & "C:\Program Files
\nodejs/node.exe" "C:
\Program Files\nodejs
/node_mo ...
+ ~~~~~~~~~~~~~~~~~~~
~~~~~~~~~~~~~~~~~~~~~
~~~~~~~~~~~~~~~~~~~~~
~~~~~~~~
    + CategoryInfo   
           : NotSpe  
  cified: ([31m??   
 [39m Build faile    
d in 199ms:Strin    g
) [], RemoteExc    ep
tion
    + FullyQualified 
   ErrorId : Native  
  CommandError
 
[31merror during bui
ld:
[31m[vite]: Rollup f
ailed to resolve impo
rt "/images/alram.png
" from "D:/CODE/vue_a
sdb/vue-asdb02/src/Ap
p.vue".
This is most likely u
nintended because it 
can break your applic
ation at runtime.
If you do want to ext
ernalize this module 
explicitly add it to
`build.rollupOptions.
external`[31m
    at viteLog (file:
///D:/CODE/vue_asdb/v
ue-asdb02/node_module
s/vite/dist/node/chun
ks/config.js:33635:57
)
    at onRollupLog (f
ile:///D:/CODE/vue_as
db/vue-asdb02/node_mo
dules/vite/dist/node/
chunks/config.js:3366
5:7)
    at onLog (file://
/D:/CODE/vue_asdb/vue
-asdb02/node_modules/
vite/dist/node/chunks
/config.js:33467:4)
    at file:///D:/COD
E/vue_asdb/vue-asdb02
/node_modules/rollup/
dist/es/shared/node-e
ntry.js:21081:32
    at Object.logger 
[as onLog] (file:///D
:/CODE/vue_asdb/vue-a
sdb02/node_modules/ro
llup/dist/es/shared/n
ode-entry.js:22968:9)
    at ModuleLoader.h
andleInvalidResolvedI
d (file:///D:/CODE/vu
e_asdb/vue-asdb02/nod
e_modules/rollup/dist
/es/shared/node-entry
.js:21712:26)
    at file:///D:/COD
E/vue_asdb/vue-asdb02
/node_modules/rollup/
dist/es/shared/node-e
ntry.js:21670:26[39m
